

Symbols from C:\Users\Emiliano\AppData\Local\arduino\sketches\C80325D9F9167DB7EE20295A5FD3654E/pc0707_main_ina219_attiny.ino.elf:

Name                  Value   Class        Type         Size     Line  Section

__heap_end          |00000000|   W  |            NOTYPE|        |     |*ABS*
__tmp_reg__         |00000000|   a  |            NOTYPE|        |     |*ABS*
__vector_default    |00000000|   W  |            NOTYPE|        |     |.text
__vectors           |00000000|   T  |            NOTYPE|        |     |.text
__zero_reg__        |00000001|   a  |            NOTYPE|        |     |*ABS*
__FUSE_REGION_LENGTH__|00000003|   A  |            NOTYPE|        |     |*ABS*
__trampolines_end   |0000001e|   T  |            NOTYPE|        |     |.text
__trampolines_start |0000001e|   T  |            NOTYPE|        |     |.text
port_to_output_PGM  |0000001e|   t  |            OBJECT|00000003|     |.text	C:\Users\Emiliano\AppData\Local\Arduino15\packages\UNIT_Electronics_AttinyCore\hardware\avr\3.0.0\variants\tinyx5/pins_arduino.h:226
digital_pin_to_port_PGM|00000021|   t  |            OBJECT|00000006|     |.text	C:\Users\Emiliano\AppData\Local\Arduino15\packages\UNIT_Electronics_AttinyCore\hardware\avr\3.0.0\variants\tinyx5/pins_arduino.h:238
digital_pin_to_bit_mask_PGM|00000027|   t  |            OBJECT|00000006|     |.text	C:\Users\Emiliano\AppData\Local\Arduino15\packages\UNIT_Electronics_AttinyCore\hardware\avr\3.0.0\variants\tinyx5/pins_arduino.h:247
digital_pin_to_timer_PGM|0000002d|   t  |            OBJECT|00000006|     |.text	C:\Users\Emiliano\AppData\Local\Arduino15\packages\UNIT_Electronics_AttinyCore\hardware\avr\3.0.0\variants\tinyx5/pins_arduino.h:256
__ctors_start       |00000034|   T  |            NOTYPE|        |     |.text
__ctors_end         |00000036|   T  |            NOTYPE|        |     |.text
__dtors_start       |00000036|   T  |            NOTYPE|        |     |.text
__dtors_end         |00000038|   T  |            NOTYPE|        |     |.text
__init              |00000038|   W  |            NOTYPE|        |     |.text
__SP_L__            |0000003d|   a  |            NOTYPE|        |     |*ABS*
__SP_H__            |0000003e|   a  |            NOTYPE|        |     |*ABS*
__SREG__            |0000003f|   a  |            NOTYPE|        |     |*ABS*
__do_clear_bss      |00000044|   T  |            NOTYPE|00000010|     |.text	/home/jenkins-mingw32/workspace/avr-gcc-staging/label/Ubuntu14.04x64-mingw32/gcc-build/avr/avr25/libgcc/../../../../gcc/libgcc/config/avr/lib1funcs.S:2441
.do_clear_bss_loop  |0000004c|   t  |            NOTYPE|        |     |.text	/home/jenkins-mingw32/workspace/avr-gcc-staging/label/Ubuntu14.04x64-mingw32/gcc-build/avr/avr25/libgcc/../../../../gcc/libgcc/config/avr/lib1funcs.S:2446
.do_clear_bss_start |0000004e|   t  |            NOTYPE|        |     |.text	/home/jenkins-mingw32/workspace/avr-gcc-staging/label/Ubuntu14.04x64-mingw32/gcc-build/avr/avr25/libgcc/../../../../gcc/libgcc/config/avr/lib1funcs.S:2448
__do_copy_data      |00000054|   T  |            NOTYPE|00000016|     |.text	/home/jenkins-mingw32/workspace/avr-gcc-staging/label/Ubuntu14.04x64-mingw32/gcc-build/avr/avr25/libgcc/../../../../gcc/libgcc/config/avr/lib1funcs.S:2409
__do_global_ctors   |0000006a|   T  |            NOTYPE|00000014|     |.text	/home/jenkins-mingw32/workspace/avr-gcc-staging/label/Ubuntu14.04x64-mingw32/gcc-build/avr/avr25/libgcc/../../../../gcc/libgcc/config/avr/lib1funcs.S:2466
__bad_interrupt     |00000082|   T  |            NOTYPE|        |     |.text
__vector_1          |00000082|   W  |            NOTYPE|        |     |.text
__vector_10         |00000082|   W  |            NOTYPE|        |     |.text
__vector_11         |00000082|   W  |            NOTYPE|        |     |.text
__vector_12         |00000082|   W  |            NOTYPE|        |     |.text
__vector_3          |00000082|   W  |            NOTYPE|        |     |.text
__vector_4          |00000082|   W  |            NOTYPE|        |     |.text
__vector_6          |00000082|   W  |            NOTYPE|        |     |.text
__vector_7          |00000082|   W  |            NOTYPE|        |     |.text
__vector_8          |00000082|   W  |            NOTYPE|        |     |.text
__vector_9          |00000082|   W  |            NOTYPE|        |     |.text
micros              |00000084|   t  |              FUNC|0000004c|     |.text	C:\Users\Emiliano\AppData\Local\Arduino15\packages\UNIT_Electronics_AttinyCore\hardware\avr\3.0.0\cores\tiny/wiring_millis.inc:244
delay               |000000d0|   t  |              FUNC|00000054|     |.text	C:\Users\Emiliano\AppData\Local\Arduino15\packages\UNIT_Electronics_AttinyCore\hardware\avr\3.0.0\cores\tiny/wiring_millis.inc:404
Print::write(unsigned char const*, unsigned int)|00000124|   t  |              FUNC|00000050|     |.text	C:\Users\Emiliano\AppData\Local\Arduino15\packages\UNIT_Electronics_AttinyCore\hardware\avr\3.0.0\cores\tiny/Print.cpp:33
USI_TWI_Data_In_Receive_Buffer|00000174|   t  |              FUNC|0000000e|     |.text	C:\Users\Emiliano\AppData\Local\Arduino15\packages\UNIT_Electronics_AttinyCore\hardware\avr\3.0.0\libraries\Wire\src\USI_TWI_Slave/USI_TWI_Slave.c:121
TwoWire::read() [clone .constprop.27]|00000182|   t  |              FUNC|00000054|     |.text	C:\Users\Emiliano\AppData\Local\Arduino15\packages\UNIT_Electronics_AttinyCore\hardware\avr\3.0.0\libraries\Wire\src/Wire.cpp:548
USI_TWI_Master_Transfer|000001d6|   t  |              FUNC|00000030|     |.text	C:\Users\Emiliano\AppData\Local\Arduino15\packages\UNIT_Electronics_AttinyCore\hardware\avr\3.0.0\libraries\Wire\src\USI_TWI_Master/USI_TWI_Master.c:213
USI_TWI_Start_Transceiver_With_Data_Stop|00000206|   t  |              FUNC|000000de|     |.text	C:\Users\Emiliano\AppData\Local\Arduino15\packages\UNIT_Electronics_AttinyCore\hardware\avr\3.0.0\libraries\Wire\src\USI_TWI_Master/USI_TWI_Master.c:112
__stack             |0000025f|   W  |            NOTYPE|        |     |*ABS*
TwoWire::endTransmission(unsigned char) [clone .constprop.24]|000002e4|   t  |              FUNC|00000040|     |.text	C:\Users\Emiliano\AppData\Local\Arduino15\packages\UNIT_Electronics_AttinyCore\hardware\avr\3.0.0\libraries\Wire\src/Wire.cpp:475
SoftwareSerial::peek()|00000324|   t  |              FUNC|00000034|     |.text	C:\Users\Emiliano\AppData\Local\Arduino15\packages\UNIT_Electronics_AttinyCore\hardware\avr\3.0.0\libraries\SoftwareSerial/SoftwareSerial.cpp:442
SoftwareSerial::flush()|00000358|   t  |              FUNC|0000001e|     |.text	C:\Users\Emiliano\AppData\Local\Arduino15\packages\UNIT_Electronics_AttinyCore\hardware\avr\3.0.0\libraries\SoftwareSerial/SoftwareSerial.cpp:432
SoftwareSerial::write(unsigned char)|00000376|   t  |              FUNC|000000b8|     |.text	C:\Users\Emiliano\AppData\Local\Arduino15\packages\UNIT_Electronics_AttinyCore\hardware\avr\3.0.0\libraries\SoftwareSerial/SoftwareSerial.cpp:378
__LOCK_REGION_LENGTH__|00000400|   A  |            NOTYPE|        |     |*ABS*
__SIGNATURE_REGION_LENGTH__|00000400|   A  |            NOTYPE|        |     |*ABS*
__USER_SIGNATURE_REGION_LENGTH__|00000400|   A  |            NOTYPE|        |     |*ABS*
SoftwareSerial::available()|0000042e|   t  |              FUNC|00000024|     |.text	C:\Users\Emiliano\AppData\Local\Arduino15\packages\UNIT_Electronics_AttinyCore\hardware\avr\3.0.0\libraries\SoftwareSerial/SoftwareSerial.cpp:368
SoftwareSerial::read()|00000452|   t  |              FUNC|0000003c|     |.text	C:\Users\Emiliano\AppData\Local\Arduino15\packages\UNIT_Electronics_AttinyCore\hardware\avr\3.0.0\libraries\SoftwareSerial/SoftwareSerial.cpp:354
Print::write(char const*) [clone .part.1] [clone .constprop.14]|0000048e|   t  |              FUNC|00000018|     |.text	C:\Users\Emiliano\AppData\Local\Arduino15\packages\UNIT_Electronics_AttinyCore\hardware\avr\3.0.0\cores\tiny/Print.h:83
Print::printNumber(unsigned long, unsigned char) [clone .constprop.9]|000004a6|   t  |              FUNC|0000009c|     |.text	C:\Users\Emiliano\AppData\Local\Arduino15\packages\UNIT_Electronics_AttinyCore\hardware\avr\3.0.0\cores\tiny/Print.cpp:228
Print::println(char const*) [clone .constprop.12]|00000542|   t  |              FUNC|00000030|     |.text	C:\Users\Emiliano\AppData\Local\Arduino15\packages\UNIT_Electronics_AttinyCore\hardware\avr\3.0.0\cores\tiny/Print.cpp:119
readINA219BusVoltage(unsigned char)|00000572|   t  |              FUNC|0000009c|     |.text	C:\GitHub Repositorios\Test-Engineering\TestBench ENERSI\ENERSI_INA219_PC0707\pc0707_main_ina219_attiny/pc0707_main_ina219_attiny.ino:14
__vector_5          |0000060e|   T  |              FUNC|00000094|     |.text	C:\Users\Emiliano\AppData\Local\Arduino15\packages\UNIT_Electronics_AttinyCore\hardware\avr\3.0.0\cores\tiny/wiring_millis.inc:184
__vector_14         |000006a2|   T  |              FUNC|000000f4|     |.text	C:\Users\Emiliano\AppData\Local\Arduino15\packages\UNIT_Electronics_AttinyCore\hardware\avr\3.0.0\libraries\Wire\src\USI_TWI_Slave/USI_TWI_Slave.c:183
__vector_13         |00000796|   T  |              FUNC|00000032|     |.text	C:\Users\Emiliano\AppData\Local\Arduino15\packages\UNIT_Electronics_AttinyCore\hardware\avr\3.0.0\libraries\Wire\src\USI_TWI_Slave/USI_TWI_Slave.c:145
__vector_2          |000007c8|   T  |              FUNC|000000f0|     |.text	C:\Users\Emiliano\AppData\Local\Arduino15\packages\UNIT_Electronics_AttinyCore\hardware\avr\3.0.0\libraries\SoftwareSerial/SoftwareSerial.cpp:189
digitalWrite        |000008b8|   t  |              FUNC|00000076|     |.text	C:\Users\Emiliano\AppData\Local\Arduino15\packages\UNIT_Electronics_AttinyCore\hardware\avr\3.0.0\cores\tiny/wiring_digital.c:132
main                |0000092e|   T  |              FUNC|00000406|     |.text	C:\Users\Emiliano\AppData\Local\Arduino15\packages\UNIT_Electronics_AttinyCore\hardware\avr\3.0.0\cores\tiny/main.cpp:15
_GLOBAL__sub_I_vrserial|00000d34|   t  |              FUNC|000000b0|     |.text
_GLOBAL__sub_D_vrserial|00000de4|   t  |              FUNC|00000038|     |.text
__cmpsf2            |00000e1c|   T  |              FUNC|00000008|     |.text
__eqsf2             |00000e1c|   T  |            NOTYPE|        |     |.text
__lesf2             |00000e1c|   T  |            NOTYPE|        |     |.text
__ltsf2             |00000e1c|   T  |            NOTYPE|        |     |.text
__nesf2             |00000e1c|   T  |            NOTYPE|        |     |.text
__floatunsisf       |00000e24|   T  |              FUNC|0000007a|     |.text
__floatsisf         |00000e28|   T  |            NOTYPE|        |     |.text
__fp_cmp            |00000e9e|   T  |              FUNC|00000048|     |.text
__mulsf3            |00000ee6|   T  |              FUNC|00000004|     |.text
__mulsf3x           |00000efc|   T  |              FUNC|000000d2|     |.text
__mulsf3_pse        |00000f00|   T  |            NOTYPE|        |     |.text
__fp_inf            |00000fbc|   T  |              FUNC|0000000c|     |.text
__fp_nan            |00000fc8|   T  |              FUNC|00000006|     |.text
__fp_pscA           |00000fce|   T  |              FUNC|0000000e|     |.text
__fp_pscB           |00000fdc|   T  |              FUNC|0000000e|     |.text
__fp_round          |00000fea|   T  |              FUNC|00000022|     |.text
__fp_split3         |0000100c|   T  |              FUNC|00000044|     |.text
__fp_splitA         |0000101c|   T  |            NOTYPE|        |     |.text
__fp_zero           |00001050|   T  |              FUNC|0000000e|     |.text
__fp_szero          |00001052|   T  |            NOTYPE|        |     |.text
__mulqi3            |0000105e|   T  |            NOTYPE|00000012|     |.text	/home/jenkins-mingw32/workspace/avr-gcc-staging/label/Ubuntu14.04x64-mingw32/gcc-build/avr/avr25/libgcc/../../../../gcc/libgcc/config/avr/lib1funcs.S:224
__mulqi3_loop       |00001060|   t  |            NOTYPE|        |     |.text	/home/jenkins-mingw32/workspace/avr-gcc-staging/label/Ubuntu14.04x64-mingw32/gcc-build/avr/avr25/libgcc/../../../../gcc/libgcc/config/avr/lib1funcs.S:226
__mulqi3_exit       |0000106c|   t  |            NOTYPE|        |     |.text	/home/jenkins-mingw32/workspace/avr-gcc-staging/label/Ubuntu14.04x64-mingw32/gcc-build/avr/avr25/libgcc/../../../../gcc/libgcc/config/avr/lib1funcs.S:233
__subsf3            |00001070|   T  |              FUNC|0000000a|     |.text
__addsf3            |00001072|   T  |            NOTYPE|        |     |.text
__addsf3x           |00001094|   T  |              FUNC|000000c0|     |.text
__fixsfsi           |0000113a|   T  |              FUNC|0000000a|     |.text
__fixunssfsi        |00001144|   T  |              FUNC|00000058|     |.text
__udivmodsi4        |0000119c|   T  |            NOTYPE|00000044|     |.text	/home/jenkins-mingw32/workspace/avr-gcc-staging/label/Ubuntu14.04x64-mingw32/gcc-build/avr/avr25/libgcc/../../../../gcc/libgcc/config/avr/lib1funcs.S:1638
__udivmodsi4_loop   |000011a8|   t  |            NOTYPE|        |     |.text	/home/jenkins-mingw32/workspace/avr-gcc-staging/label/Ubuntu14.04x64-mingw32/gcc-build/avr/avr25/libgcc/../../../../gcc/libgcc/config/avr/lib1funcs.S:1646
__udivmodsi4_ep     |000011c2|   t  |            NOTYPE|        |     |.text	/home/jenkins-mingw32/workspace/avr-gcc-staging/label/Ubuntu14.04x64-mingw32/gcc-build/avr/avr25/libgcc/../../../../gcc/libgcc/config/avr/lib1funcs.S:1660
__tablejump2__      |000011e0|   T  |            NOTYPE|0000000c|     |.text	/home/jenkins-mingw32/workspace/avr-gcc-staging/label/Ubuntu14.04x64-mingw32/gcc-build/avr/avr25/libgcc/../../../../gcc/libgcc/config/avr/lib1funcs.S:2296
strcmp              |000011ec|   T  |              FUNC|00000012|     |.text
__do_global_dtors   |000011fe|   T  |            NOTYPE|00000014|     |.text	/home/jenkins-mingw32/workspace/avr-gcc-staging/label/Ubuntu14.04x64-mingw32/gcc-build/avr/avr25/libgcc/../../../../gcc/libgcc/config/avr/lib1funcs.S:2496
_exit               |000011fe|   T  |            NOTYPE|        |     |.text	/home/jenkins-mingw32/workspace/avr-gcc-staging/label/Ubuntu14.04x64-mingw32/gcc-build/avr/avr25/libgcc/../../../../gcc/libgcc/config/avr/lib1funcs.S:2496
exit                |000011fe|   W  |            NOTYPE|        |     |.text	/home/jenkins-mingw32/workspace/avr-gcc-staging/label/Ubuntu14.04x64-mingw32/gcc-build/avr/avr25/libgcc/../../../../gcc/libgcc/config/avr/lib1funcs.S:2496
__stop_program      |00001214|   t  |            NOTYPE|        |     |.text	/home/jenkins-mingw32/workspace/avr-gcc-staging/label/Ubuntu14.04x64-mingw32/gcc-build/avr/avr25/libgcc/../../../../gcc/libgcc/config/avr/lib1funcs.S:2280
__data_load_start   |00001216|   A  |            NOTYPE|        |     |*ABS*
_etext              |00001216|   T  |            NOTYPE|        |     |.text
__data_load_end     |000012e4|   A  |            NOTYPE|        |     |*ABS*
__TEXT_REGION_LENGTH__|00002000|   A  |            NOTYPE|        |     |*ABS*
__DATA_REGION_LENGTH__|0000ffa0|   A  |            NOTYPE|        |     |*ABS*
__EEPROM_REGION_LENGTH__|00010000|   A  |            NOTYPE|        |     |*ABS*
__DATA_REGION_ORIGIN__|00800060|   A  |            NOTYPE|        |     |*ABS*
__data_start        |00800060|   D  |            NOTYPE|        |     |.data
vtable for SoftwareSerial|00800060|   d  |            OBJECT|00000010|     |.data
__bss_start         |0080012e|   B  |            NOTYPE|        |     |.bss
__data_end          |0080012e|   D  |            NOTYPE|        |     |.data
_edata              |0080012e|   D  |            NOTYPE|        |     |.data
TWI_Buffer          |0080012e|   b  |            OBJECT|00000020|     |.bss	C:\Users\Emiliano\AppData\Local\Arduino15\packages\UNIT_Electronics_AttinyCore\hardware\avr\3.0.0\libraries\Wire\src\USI_TWI_Slave/USI_TWI_Slave.c:32
SoftwareSerial::_receive_buffer|0080014e|   b  |            OBJECT|00000040|     |.bss
TWI_TxTail          |0080018e|   b  |            OBJECT|00000001|     |.bss	C:\Users\Emiliano\AppData\Local\Arduino15\packages\UNIT_Electronics_AttinyCore\hardware\avr\3.0.0\libraries\Wire\src\USI_TWI_Slave/USI_TWI_Slave.c:46
TWI_TxHead          |0080018f|   b  |            OBJECT|00000001|     |.bss	C:\Users\Emiliano\AppData\Local\Arduino15\packages\UNIT_Electronics_AttinyCore\hardware\avr\3.0.0\libraries\Wire\src\USI_TWI_Slave/USI_TWI_Slave.c:45
USI_TWI_Overflow_State|00800190|   b  |            OBJECT|00000001|     |.bss	C:\Users\Emiliano\AppData\Local\Arduino15\packages\UNIT_Electronics_AttinyCore\hardware\avr\3.0.0\libraries\Wire\src\USI_TWI_Slave/USI_TWI_Slave.c:37
SoftwareSerial::_receive_buffer_head|00800191|   b  |            OBJECT|00000001|     |.bss
SoftwareSerial::_receive_buffer_tail|00800192|   b  |            OBJECT|00000001|     |.bss
SoftwareSerial::active_object|00800193|   b  |            OBJECT|00000002|     |.bss
millis_timer_fract  |00800195|   b  |            OBJECT|00000001|     |.bss	C:\Users\Emiliano\AppData\Local\Arduino15\packages\UNIT_Electronics_AttinyCore\hardware\avr\3.0.0\cores\tiny/wiring_millis.inc:181
millis_timer_millis |00800196|   b  |            OBJECT|00000004|     |.bss	C:\Users\Emiliano\AppData\Local\Arduino15\packages\UNIT_Electronics_AttinyCore\hardware\avr\3.0.0\cores\tiny/wiring_millis.inc:180
millis_timer_overflow_count|0080019a|   b  |            OBJECT|00000004|     |.bss	C:\Users\Emiliano\AppData\Local\Arduino15\packages\UNIT_Electronics_AttinyCore\hardware\avr\3.0.0\cores\tiny/wiring_millis.inc:178
vrserial            |0080019e|   b  |            OBJECT|0000001f|     |.bss	C:\GitHub Repositorios\Test-Engineering\TestBench ENERSI\ENERSI_INA219_PC0707\pc0707_main_ina219_attiny/pc0707_main_ina219_attiny.ino:11
USI_TWI_state       |008001bd|   b  |            OBJECT|00000001|     |.bss	C:\Users\Emiliano\AppData\Local\Arduino15\packages\UNIT_Electronics_AttinyCore\hardware\avr\3.0.0\libraries\Wire\src\USI_TWI_Master/USI_TWI_Master.c:50
TwoWire::transmitting|008001be|   b  |            OBJECT|00000001|     |.bss
TWI_RxHead          |008001bf|   b  |            OBJECT|00000001|     |.bss	C:\Users\Emiliano\AppData\Local\Arduino15\packages\UNIT_Electronics_AttinyCore\hardware\avr\3.0.0\libraries\Wire\src\USI_TWI_Slave/USI_TWI_Slave.c:41
TWI_RxTail          |008001c0|   b  |            OBJECT|00000001|     |.bss	C:\Users\Emiliano\AppData\Local\Arduino15\packages\UNIT_Electronics_AttinyCore\hardware\avr\3.0.0\libraries\Wire\src\USI_TWI_Slave/USI_TWI_Slave.c:42
TwoWire::BufferIndex|008001c1|   b  |            OBJECT|00000001|     |.bss
TwoWire::BufferLength|008001c2|   b  |            OBJECT|00000001|     |.bss
__bss_end           |008001c3|   B  |            NOTYPE|        |     |.bss
_end                |008001c3|   N  |            NOTYPE|        |     |.comment
__eeprom_end        |00810000|   N  |            NOTYPE|        |     |.comment
