

Symbols from C:\Users\Emiliano\AppData\Local\arduino\sketches\C80325D9F9167DB7EE20295A5FD3654E/pc0707_main_ina219_attiny.ino.elf:

Name                  Value   Class        Type         Size     Line  Section

__heap_end          |00000000|   W  |            NOTYPE|        |     |*ABS*
__tmp_reg__         |00000000|   a  |            NOTYPE|        |     |*ABS*
__tmp_reg__         |00000000|   a  |            NOTYPE|        |     |*ABS*
__tmp_reg__         |00000000|   a  |            NOTYPE|        |     |*ABS*
__vector_default    |00000000|   W  |            NOTYPE|        |     |.text
__vectors           |00000000|   T  |            NOTYPE|        |     |.text
__zero_reg__        |00000001|   a  |            NOTYPE|        |     |*ABS*
__zero_reg__        |00000001|   a  |            NOTYPE|        |     |*ABS*
__zero_reg__        |00000001|   a  |            NOTYPE|        |     |*ABS*
__FUSE_REGION_LENGTH__|00000003|   A  |            NOTYPE|        |     |*ABS*
__trampolines_end   |0000001e|   T  |            NOTYPE|        |     |.text
__trampolines_start |0000001e|   T  |            NOTYPE|        |     |.text
port_to_output_PGM  |0000001e|   t  |            OBJECT|00000003|     |.text	C:\Users\Emiliano\AppData\Local\Arduino15\packages\UNIT_Electronics_AttinyCore\hardware\avr\3.0.0\variants\tinyx5/pins_arduino.h:226
digital_pin_to_port_PGM|00000021|   t  |            OBJECT|00000006|     |.text	C:\Users\Emiliano\AppData\Local\Arduino15\packages\UNIT_Electronics_AttinyCore\hardware\avr\3.0.0\variants\tinyx5/pins_arduino.h:238
digital_pin_to_bit_mask_PGM|00000027|   t  |            OBJECT|00000006|     |.text	C:\Users\Emiliano\AppData\Local\Arduino15\packages\UNIT_Electronics_AttinyCore\hardware\avr\3.0.0\variants\tinyx5/pins_arduino.h:247
digital_pin_to_timer_PGM|0000002d|   t  |            OBJECT|00000006|     |.text	C:\Users\Emiliano\AppData\Local\Arduino15\packages\UNIT_Electronics_AttinyCore\hardware\avr\3.0.0\variants\tinyx5/pins_arduino.h:256
__ctors_start       |00000034|   T  |            NOTYPE|        |     |.text
__ctors_end         |00000036|   T  |            NOTYPE|        |     |.text
__dtors_start       |00000036|   T  |            NOTYPE|        |     |.text
__dtors_end         |00000038|   T  |            NOTYPE|        |     |.text
__init              |00000038|   W  |            NOTYPE|        |     |.text
__SP_L__            |0000003d|   a  |            NOTYPE|        |     |*ABS*
__SP_L__            |0000003d|   a  |            NOTYPE|        |     |*ABS*
__SP_L__            |0000003d|   a  |            NOTYPE|        |     |*ABS*
__SP_H__            |0000003e|   a  |            NOTYPE|        |     |*ABS*
__SP_H__            |0000003e|   a  |            NOTYPE|        |     |*ABS*
__SP_H__            |0000003e|   a  |            NOTYPE|        |     |*ABS*
__SREG__            |0000003f|   a  |            NOTYPE|        |     |*ABS*
__SREG__            |0000003f|   a  |            NOTYPE|        |     |*ABS*
__SREG__            |0000003f|   a  |            NOTYPE|        |     |*ABS*
__do_clear_bss      |00000044|   T  |            NOTYPE|00000010|     |.text	/home/jenkins-mingw32/workspace/avr-gcc-staging/label/Ubuntu14.04x64-mingw32/gcc-build/avr/avr25/libgcc/../../../../gcc/libgcc/config/avr/lib1funcs.S:2441
.do_clear_bss_loop  |0000004c|   t  |            NOTYPE|        |     |.text	/home/jenkins-mingw32/workspace/avr-gcc-staging/label/Ubuntu14.04x64-mingw32/gcc-build/avr/avr25/libgcc/../../../../gcc/libgcc/config/avr/lib1funcs.S:2446
.do_clear_bss_start |0000004e|   t  |            NOTYPE|        |     |.text	/home/jenkins-mingw32/workspace/avr-gcc-staging/label/Ubuntu14.04x64-mingw32/gcc-build/avr/avr25/libgcc/../../../../gcc/libgcc/config/avr/lib1funcs.S:2448
__do_copy_data      |00000054|   T  |            NOTYPE|00000016|     |.text	/home/jenkins-mingw32/workspace/avr-gcc-staging/label/Ubuntu14.04x64-mingw32/gcc-build/avr/avr25/libgcc/../../../../gcc/libgcc/config/avr/lib1funcs.S:2409
__do_global_ctors   |0000006a|   T  |            NOTYPE|00000014|     |.text	/home/jenkins-mingw32/workspace/avr-gcc-staging/label/Ubuntu14.04x64-mingw32/gcc-build/avr/avr25/libgcc/../../../../gcc/libgcc/config/avr/lib1funcs.S:2466
__bad_interrupt     |00000082|   T  |            NOTYPE|        |     |.text
__vector_1          |00000082|   W  |            NOTYPE|        |     |.text
__vector_10         |00000082|   W  |            NOTYPE|        |     |.text
__vector_11         |00000082|   W  |            NOTYPE|        |     |.text
__vector_12         |00000082|   W  |            NOTYPE|        |     |.text
__vector_3          |00000082|   W  |            NOTYPE|        |     |.text
__vector_4          |00000082|   W  |            NOTYPE|        |     |.text
__vector_6          |00000082|   W  |            NOTYPE|        |     |.text
__vector_7          |00000082|   W  |            NOTYPE|        |     |.text
__vector_8          |00000082|   W  |            NOTYPE|        |     |.text
__vector_9          |00000082|   W  |            NOTYPE|        |     |.text
micros              |00000084|   t  |              FUNC|0000004c|     |.text	C:\Users\Emiliano\AppData\Local\Arduino15\packages\UNIT_Electronics_AttinyCore\hardware\avr\3.0.0\cores\tiny/wiring_millis.inc:244
delay               |000000d0|   t  |              FUNC|00000054|     |.text	C:\Users\Emiliano\AppData\Local\Arduino15\packages\UNIT_Electronics_AttinyCore\hardware\avr\3.0.0\cores\tiny/wiring_millis.inc:404
Print::write(unsigned char const*, unsigned int)|00000124|   t  |              FUNC|00000050|     |.text	C:\Users\Emiliano\AppData\Local\Arduino15\packages\UNIT_Electronics_AttinyCore\hardware\avr\3.0.0\cores\tiny/Print.cpp:33
USI_TWI_Master_Transfer|00000174|   t  |              FUNC|00000030|     |.text	C:\Users\Emiliano\AppData\Local\Arduino15\packages\UNIT_Electronics_AttinyCore\hardware\avr\3.0.0\libraries\Wire\src\USI_TWI_Master/USI_TWI_Master.c:213
SoftwareSerial::peek()|000001a4|   t  |              FUNC|00000034|     |.text	C:\Users\Emiliano\AppData\Local\Arduino15\packages\UNIT_Electronics_AttinyCore\hardware\avr\3.0.0\libraries\SoftwareSerial/SoftwareSerial.cpp:442
SoftwareSerial::flush()|000001d8|   t  |              FUNC|0000001e|     |.text	C:\Users\Emiliano\AppData\Local\Arduino15\packages\UNIT_Electronics_AttinyCore\hardware\avr\3.0.0\libraries\SoftwareSerial/SoftwareSerial.cpp:432
SoftwareSerial::write(unsigned char)|000001f6|   t  |              FUNC|000000b8|     |.text	C:\Users\Emiliano\AppData\Local\Arduino15\packages\UNIT_Electronics_AttinyCore\hardware\avr\3.0.0\libraries\SoftwareSerial/SoftwareSerial.cpp:378
__stack             |0000025f|   W  |            NOTYPE|        |     |*ABS*
Print::println() [clone .constprop.18]|000002ae|   t  |              FUNC|00000020|     |.text	C:\Users\Emiliano\AppData\Local\Arduino15\packages\UNIT_Electronics_AttinyCore\hardware\avr\3.0.0\cores\tiny/Print.cpp:107
SoftwareSerial::available()|000002ce|   t  |              FUNC|00000024|     |.text	C:\Users\Emiliano\AppData\Local\Arduino15\packages\UNIT_Electronics_AttinyCore\hardware\avr\3.0.0\libraries\SoftwareSerial/SoftwareSerial.cpp:368
SoftwareSerial::read()|000002f2|   t  |              FUNC|0000003c|     |.text	C:\Users\Emiliano\AppData\Local\Arduino15\packages\UNIT_Electronics_AttinyCore\hardware\avr\3.0.0\libraries\SoftwareSerial/SoftwareSerial.cpp:354
Stream::timedRead() [clone .constprop.25]|0000032e|   t  |              FUNC|0000007e|     |.text	C:\Users\Emiliano\AppData\Local\Arduino15\packages\UNIT_Electronics_AttinyCore\hardware\avr\3.0.0\cores\tiny/wiring_millis.inc:233
Print::write(char const*) [clone .part.1] [clone .constprop.17]|000003ac|   t  |              FUNC|00000018|     |.text	C:\Users\Emiliano\AppData\Local\Arduino15\packages\UNIT_Electronics_AttinyCore\hardware\avr\3.0.0\cores\tiny/Print.h:83
Print::println(char const*) [clone .constprop.15]|000003c4|   t  |              FUNC|00000014|     |.text	C:\Users\Emiliano\AppData\Local\Arduino15\packages\UNIT_Electronics_AttinyCore\hardware\avr\3.0.0\cores\tiny/Print.cpp:119
Print::print(char const*) [clone .constprop.14]|000003d8|   t  |              FUNC|0000000c|     |.text	C:\Users\Emiliano\AppData\Local\Arduino15\packages\UNIT_Electronics_AttinyCore\hardware\avr\3.0.0\cores\tiny/Print.h:82
String::reserve(unsigned int)|000003e4|   t  |              FUNC|0000004e|     |.text	C:\Users\Emiliano\AppData\Local\Arduino15\packages\UNIT_Electronics_AttinyCore\hardware\avr\3.0.0\cores\tiny/WString.cpp:146
__LOCK_REGION_LENGTH__|00000400|   A  |            NOTYPE|        |     |*ABS*
__SIGNATURE_REGION_LENGTH__|00000400|   A  |            NOTYPE|        |     |*ABS*
__USER_SIGNATURE_REGION_LENGTH__|00000400|   A  |            NOTYPE|        |     |*ABS*
__vector_5          |00000432|   T  |              FUNC|00000094|     |.text	C:\Users\Emiliano\AppData\Local\Arduino15\packages\UNIT_Electronics_AttinyCore\hardware\avr\3.0.0\cores\tiny/wiring_millis.inc:184
__vector_14         |000004c6|   T  |              FUNC|000000f4|     |.text	C:\Users\Emiliano\AppData\Local\Arduino15\packages\UNIT_Electronics_AttinyCore\hardware\avr\3.0.0\libraries\Wire\src\USI_TWI_Slave/USI_TWI_Slave.c:183
__vector_13         |000005ba|   T  |              FUNC|00000032|     |.text	C:\Users\Emiliano\AppData\Local\Arduino15\packages\UNIT_Electronics_AttinyCore\hardware\avr\3.0.0\libraries\Wire\src\USI_TWI_Slave/USI_TWI_Slave.c:145
__vector_2          |000005ec|   T  |              FUNC|000000f0|     |.text	C:\Users\Emiliano\AppData\Local\Arduino15\packages\UNIT_Electronics_AttinyCore\hardware\avr\3.0.0\libraries\SoftwareSerial/SoftwareSerial.cpp:189
digitalWrite        |000006dc|   t  |              FUNC|00000076|     |.text	C:\Users\Emiliano\AppData\Local\Arduino15\packages\UNIT_Electronics_AttinyCore\hardware\avr\3.0.0\cores\tiny/wiring_digital.c:132
main                |00000752|   T  |              FUNC|000004a8|     |.text	C:\Users\Emiliano\AppData\Local\Arduino15\packages\UNIT_Electronics_AttinyCore\hardware\avr\3.0.0\cores\tiny/main.cpp:15
_GLOBAL__sub_I_vrserial|00000bfa|   t  |              FUNC|000000b0|     |.text
_GLOBAL__sub_D_vrserial|00000caa|   t  |              FUNC|00000038|     |.text
isspace             |00000ce2|   T  |            NOTYPE|        |     |.text
__ctype_isfalse     |00000cf2|   T  |            NOTYPE|        |     |.text
__ctype_istrue      |00000cf6|   T  |            NOTYPE|        |     |.text
__prologue_saves__  |00000cf8|   T  |            NOTYPE|00000038|     |.text	/home/jenkins-mingw32/workspace/avr-gcc-staging/label/Ubuntu14.04x64-mingw32/gcc-build/avr/avr25/libgcc/../../../../gcc/libgcc/config/avr/lib1funcs.S:2169
__epilogue_restores__|00000d30|   T  |            NOTYPE|00000036|     |.text	/home/jenkins-mingw32/workspace/avr-gcc-staging/label/Ubuntu14.04x64-mingw32/gcc-build/avr/avr25/libgcc/../../../../gcc/libgcc/config/avr/lib1funcs.S:2222
__tablejump2__      |00000d66|   T  |            NOTYPE|0000000c|     |.text	/home/jenkins-mingw32/workspace/avr-gcc-staging/label/Ubuntu14.04x64-mingw32/gcc-build/avr/avr25/libgcc/../../../../gcc/libgcc/config/avr/lib1funcs.S:2296
malloc              |00000d72|   T  |              FUNC|00000138|     |.text
free                |00000eaa|   T  |              FUNC|00000112|     |.text
realloc             |00000fbc|   T  |              FUNC|0000016c|     |.text
memcpy              |00001128|   T  |              FUNC|00000012|     |.text
strcmp              |0000113a|   T  |              FUNC|00000012|     |.text
strcpy              |0000114c|   T  |              FUNC|0000000e|     |.text
__do_global_dtors   |0000115a|   T  |            NOTYPE|00000014|     |.text	/home/jenkins-mingw32/workspace/avr-gcc-staging/label/Ubuntu14.04x64-mingw32/gcc-build/avr/avr25/libgcc/../../../../gcc/libgcc/config/avr/lib1funcs.S:2496
_exit               |0000115a|   T  |            NOTYPE|        |     |.text	/home/jenkins-mingw32/workspace/avr-gcc-staging/label/Ubuntu14.04x64-mingw32/gcc-build/avr/avr25/libgcc/../../../../gcc/libgcc/config/avr/lib1funcs.S:2496
exit                |0000115a|   W  |            NOTYPE|        |     |.text	/home/jenkins-mingw32/workspace/avr-gcc-staging/label/Ubuntu14.04x64-mingw32/gcc-build/avr/avr25/libgcc/../../../../gcc/libgcc/config/avr/lib1funcs.S:2496
__stop_program      |00001170|   t  |            NOTYPE|        |     |.text	/home/jenkins-mingw32/workspace/avr-gcc-staging/label/Ubuntu14.04x64-mingw32/gcc-build/avr/avr25/libgcc/../../../../gcc/libgcc/config/avr/lib1funcs.S:2280
__data_load_start   |00001172|   A  |            NOTYPE|        |     |*ABS*
_etext              |00001172|   T  |            NOTYPE|        |     |.text
__data_load_end     |00001238|   A  |            NOTYPE|        |     |*ABS*
__TEXT_REGION_LENGTH__|00002000|   A  |            NOTYPE|        |     |*ABS*
__DATA_REGION_LENGTH__|0000ffa0|   A  |            NOTYPE|        |     |*ABS*
__EEPROM_REGION_LENGTH__|00010000|   A  |            NOTYPE|        |     |*ABS*
__DATA_REGION_ORIGIN__|00800060|   A  |            NOTYPE|        |     |*ABS*
__data_start        |00800060|   D  |            NOTYPE|        |     |.data
__malloc_heap_end   |00800060|   D  |            OBJECT|00000002|     |.data
__malloc_heap_start |00800062|   D  |            OBJECT|00000002|     |.data
__malloc_margin     |00800064|   D  |            OBJECT|00000002|     |.data
vtable for SoftwareSerial|00800066|   d  |            OBJECT|00000010|     |.data
__bss_start         |00800126|   B  |            NOTYPE|        |     |.bss
__data_end          |00800126|   D  |            NOTYPE|        |     |.data
_edata              |00800126|   D  |            NOTYPE|        |     |.data
TWI_Buffer          |00800126|   b  |            OBJECT|00000020|     |.bss	C:\Users\Emiliano\AppData\Local\Arduino15\packages\UNIT_Electronics_AttinyCore\hardware\avr\3.0.0\libraries\Wire\src\USI_TWI_Slave/USI_TWI_Slave.c:32
SoftwareSerial::_receive_buffer|00800146|   b  |            OBJECT|00000040|     |.bss
TWI_RxTail          |00800186|   b  |            OBJECT|00000001|     |.bss	C:\Users\Emiliano\AppData\Local\Arduino15\packages\UNIT_Electronics_AttinyCore\hardware\avr\3.0.0\libraries\Wire\src\USI_TWI_Slave/USI_TWI_Slave.c:42
TWI_RxHead          |00800187|   b  |            OBJECT|00000001|     |.bss	C:\Users\Emiliano\AppData\Local\Arduino15\packages\UNIT_Electronics_AttinyCore\hardware\avr\3.0.0\libraries\Wire\src\USI_TWI_Slave/USI_TWI_Slave.c:41
TWI_TxTail          |00800188|   b  |            OBJECT|00000001|     |.bss	C:\Users\Emiliano\AppData\Local\Arduino15\packages\UNIT_Electronics_AttinyCore\hardware\avr\3.0.0\libraries\Wire\src\USI_TWI_Slave/USI_TWI_Slave.c:46
TWI_TxHead          |00800189|   b  |            OBJECT|00000001|     |.bss	C:\Users\Emiliano\AppData\Local\Arduino15\packages\UNIT_Electronics_AttinyCore\hardware\avr\3.0.0\libraries\Wire\src\USI_TWI_Slave/USI_TWI_Slave.c:45
USI_TWI_Overflow_State|0080018a|   b  |            OBJECT|00000001|     |.bss	C:\Users\Emiliano\AppData\Local\Arduino15\packages\UNIT_Electronics_AttinyCore\hardware\avr\3.0.0\libraries\Wire\src\USI_TWI_Slave/USI_TWI_Slave.c:37
SoftwareSerial::_receive_buffer_head|0080018b|   b  |            OBJECT|00000001|     |.bss
SoftwareSerial::_receive_buffer_tail|0080018c|   b  |            OBJECT|00000001|     |.bss
SoftwareSerial::active_object|0080018d|   b  |            OBJECT|00000002|     |.bss
USI_TWI_state       |0080018f|   b  |            OBJECT|00000001|     |.bss	C:\Users\Emiliano\AppData\Local\Arduino15\packages\UNIT_Electronics_AttinyCore\hardware\avr\3.0.0\libraries\Wire\src\USI_TWI_Master/USI_TWI_Master.c:50
TwoWire::BufferLength|00800190|   b  |            OBJECT|00000001|     |.bss
millis_timer_fract  |00800191|   b  |            OBJECT|00000001|     |.bss	C:\Users\Emiliano\AppData\Local\Arduino15\packages\UNIT_Electronics_AttinyCore\hardware\avr\3.0.0\cores\tiny/wiring_millis.inc:181
millis_timer_overflow_count|00800192|   b  |            OBJECT|00000004|     |.bss	C:\Users\Emiliano\AppData\Local\Arduino15\packages\UNIT_Electronics_AttinyCore\hardware\avr\3.0.0\cores\tiny/wiring_millis.inc:178
millis_timer_millis |00800196|   b  |            OBJECT|00000004|     |.bss	C:\Users\Emiliano\AppData\Local\Arduino15\packages\UNIT_Electronics_AttinyCore\hardware\avr\3.0.0\cores\tiny/wiring_millis.inc:180
vrserial            |0080019a|   b  |            OBJECT|0000001f|     |.bss	C:\GitHub Repositorios\Test-Engineering\TestBench ENERSI\ENERSI_INA219_PC0707\pc0707_main_ina219_attiny/pc0707_main_ina219_attiny.ino:9
__brkval            |008001b9|   B  |            OBJECT|00000002|     |.bss
__flp               |008001bb|   B  |            OBJECT|00000002|     |.bss
__bss_end           |008001bd|   B  |            NOTYPE|        |     |.bss
__heap_start        |008001bd|   N  |            NOTYPE|        |     |.comment
_end                |008001bd|   N  |            NOTYPE|        |     |.comment
__eeprom_end        |00810000|   N  |            NOTYPE|        |     |.comment
